Microchip MPLAB XC8 Compiler V1.34 ()

Linker command line:

--edf=C:\Program Files (x86)\Microchip\xc8\v1.34\dat\en_msgs.txt -cs \
  -h+dist/default/production\PR19.X.production.sym \
  --cmf=dist/default/production\PR19.X.production.cmf -z -Q16F777 \
  -oC:\Users\TRAINE~1\AppData\Local\Temp\s4n4.6 \
  -Mdist/default/production/PR19.X.production.map -E1 -ver=XC8 \
  -ASTACK=0110h-016fh -pstack=STACK -ACODE=00h-07FFhx4 -ASTRCODE=00h-01FFFh \
  -ASTRING=00h-0FFhx32 -ACONST=00h-0FFhx32 -AENTRY=00h-0FFhx32 \
  -ACOMMON=070h-07Fh -ABANK0=020h-06Fh -ABANK1=0A0h-0EFh \
  -ABANK2=0110h-016Fh -ABANK3=0190h-01EFh \
  -ARAM=020h-06Fh,0A0h-0EFh,0110h-016Fh,0190h-01EFh \
  -AABS1=020h-07Fh,0A0h-0EFh,0110h-016Fh,0190h-01EFh -ASFR0=00h-01Fh \
  -ASFR1=080h-09Fh -ASFR2=0100h-010Fh -ASFR3=0180h-018Fh \
  -preset_vec=00h,intentry,init,end_init -ppowerup=CODE -pcinit=CODE \
  -pfunctab=CODE -ACONFIG=02007h-02008h -pconfig=CONFIG -DCONFIG=2 \
  -AIDLOC=02000h-02003h -pidloc=IDLOC -DIDLOC=2 -DCODE=2 -DSTRCODE=2 \
  -DSTRING=2 -DCONST=2 -DENTRY=2 -k \
  C:\Users\TRAINE~1\AppData\Local\Temp\s4n4.obj \
  dist/default/production\PR19.X.production.obj 

Object code version is 3.11

Machine type is 16F777



                Name                               Link     Load   Length Selector   Space Scale
C:\Users\TRAINE~1\AppData\Local\Temp\s4n4.obj
                end_init                              0        0        3        0       0
                config                             2007     2007        2     400E       0
dist/default/production\PR19.X.production.obj
                cinit                               7FA      7FA        6      FF4       0
                text23                              31F      31F       15      63E       0
                text22                              334      334       15      668       0
                text21                              445      445       23      88A       0
                text20                              468      468       23      8D0       0
                text19                              30D      30D       12      61A       0
                text18                              35E      35E       16      6BC       0
                text17                              48B      48B       23      916       0
                text16                              426      426       1F      84C       0
                text15                              51B      51B       2F      A36       0
                text14                              349      349       15      692       0
                text13                              4AE      4AE       23      95C       0
                text12                              374      374       1D      6E8       0
                text11                              391      391       1D      722       0
                text10                              4D1      4D1       25      9A2       0
                text9                               4F6      4F6       25      9EC       0
                text8                               2FC      2FC       11      5F8       0
                text7                               54A      54A       84      A94       0
                text6                               3AE      3AE       1E      75C       0
                text5                               3CC      3CC       1E      798       0
                text4                               3EA      3EA       1E      7D4       0
                text3                               408      408       1E      810       0
                text2                               5CE      5CE       85      B9C       0
                text1                               6EC      6EC      10E      DD8       0
                maintext                            653      653       99      CA6       0
                cstackBANK0                          22       22        1       20       1
                cstackCOMMON                         70       70        E       70       1
                bssBANK0                             20       20        2       20       1
                strings                               3        3       7E        6       0

TOTAL           Name                               Link     Load   Length     Space
        CLASS   STACK          

        CLASS   CODE           
                end_init                              0        0        3         0
                cinit                               7FA      7FA        6         0
                text23                              31F      31F       15         0
                text22                              334      334       15         0
                text21                              445      445       23         0
                text20                              468      468       23         0
                text19                              30D      30D       12         0
                text18                              35E      35E       16         0
                text17                              48B      48B       23         0
                text16                              426      426       1F         0
                text15                              51B      51B       2F         0
                text14                              349      349       15         0
                text13                              4AE      4AE       23         0
                text12                              374      374       1D         0
                text11                              391      391       1D         0
                text10                              4D1      4D1       25         0
                text9                               4F6      4F6       25         0
                text8                               2FC      2FC       11         0
                text7                               54A      54A       84         0
                text6                               3AE      3AE       1E         0
                text5                               3CC      3CC       1E         0
                text4                               3EA      3EA       1E         0
                text3                               408      408       1E         0
                text2                               5CE      5CE       85         0
                text1                               6EC      6EC      10E         0
                maintext                            653      653       99         0

        CLASS   STRCODE        

        CLASS   STRING         
                strings                               3        3       7E         0

        CLASS   CONST          

        CLASS   ENTRY          

        CLASS   COMMON         
                cstackCOMMON                         70       70        E         1

        CLASS   BANK0          
                cstackBANK0                          22       22        1         1
                bssBANK0                             20       20        2         1

        CLASS   BANK1          

        CLASS   BANK2          

        CLASS   BANK3          

        CLASS   RAM            

        CLASS   ABS1           
                abs_s1                               7E       7E        2         1

        CLASS   SFR0           

        CLASS   SFR1           

        CLASS   SFR2           

        CLASS   SFR3           

        CLASS   CONFIG         
                config                             2007     2007        2         0

        CLASS   IDLOC          

        CLASS   EEDATA         



SEGMENTS        Name                           Load    Length   Top    Selector   Space  Class     Delta

                reset_vec                      000000  000003  000003         0       0  CODE        2
                strings                        000003  00007E  000081         6       0  STRING      2
                bssBANK0                       000020  000003  000023        20       1  BANK0       1
                cstackCOMMON                   000070  00000E  00007E        70       1  COMMON      1
                text8                          0002FC  000011  00030D       5F8       0  CODE        2
                text19                         00030D  000012  00031F       61A       0  CODE        2
                text23                         00031F  000015  000334       63E       0  CODE        2
                text22                         000334  000015  000349       668       0  CODE        2
                text14                         000349  000015  00035E       692       0  CODE        2
                text18                         00035E  000016  000374       6BC       0  CODE        2
                text12                         000374  00001D  000391       6E8       0  CODE        2
                text11                         000391  00001D  0003AE       722       0  CODE        2
                text6                          0003AE  00001E  0003CC       75C       0  CODE        2
                text5                          0003CC  00001E  0003EA       798       0  CODE        2
                text4                          0003EA  00001E  000408       7D4       0  CODE        2
                text3                          000408  00001E  000426       810       0  CODE        2
                text16                         000426  00001F  000445       84C       0  CODE        2
                text21                         000445  000023  000468       88A       0  CODE        2
                text20                         000468  000023  00048B       8D0       0  CODE        2
                text17                         00048B  000023  0004AE       916       0  CODE        2
                text13                         0004AE  000023  0004D1       95C       0  CODE        2
                text10                         0004D1  000025  0004F6       9A2       0  CODE        2
                text9                          0004F6  000025  00051B       9EC       0  CODE        2
                text15                         00051B  00002F  00054A       A36       0  CODE        2
                text7                          00054A  000084  0005CE       A94       0  CODE        2
                text2                          0005CE  000085  000653       B9C       0  CODE        2
                maintext                       000653  000099  0006EC       CA6       0  CODE        2
                text1                          0006EC  00010E  0007FA       DD8       0  CODE        2
                cinit                          0007FA  000006  000800       FF4       0  CODE        2
                config                         002007  000002  002009      400E       0  CONFIG      2


UNUSED ADDRESS RANGES

        Name                Unused          Largest block    Delta
        BANK0            0023-006F             4D           1
        BANK1            00A0-00EF             50           1
        BANK2            0110-016F             60           1
        BANK3            0190-01EF             60           1
        CODE             0081-02FB            27B           2
                         0800-1FFF            800
        CONST            0081-02FB            100           2
                         0800-1FFF            100
        ENTRY            0081-02FB            100           2
                         0800-1FFF            100
        IDLOC            2000-2003              4           2
        RAM              0023-006F             4D           1
                         00A0-00EF             50
                         0110-016F             60
                         0190-01EF             60
        SFR0             0000-001F             20           1
        SFR1             0080-009F             20           1
        SFR2             0100-010F             10           1
        SFR3             0180-018F             10           1
        STACK            0110-016F             60           1
        STRCODE          0081-02FB            27B           2
                         0800-1FFF           1800
        STRING           0081-02FB            100           2
                         0800-1FFF            100

                                  Symbol Table

_ADCON1                  (abs)        009F
_CCP1CON                 (abs)        0017
_CCP2CON                 (abs)        001D
_CCP3CON                 (abs)        0097
_CCPR1L                  (abs)        0015
_CCPR2L                  (abs)        001B
_CCPR3L                  (abs)        0095
_PORTB                   (abs)        0006
_PORTC                   (abs)        0007
_PORTD                   (abs)        0008
_PR2                     (abs)        0092
_RA0                     (abs)        0028
_RA1                     (abs)        0029
_RA2                     (abs)        002A
_RA3                     (abs)        002B
_RB3                     (abs)        0033
_RB4                     (abs)        0034
_RB6                     (abs)        0036
_RB7                     (abs)        0037
_RC0                     (abs)        0038
_RC3                     (abs)        003B
_RC4                     (abs)        003C
_RC5                     (abs)        003D
_T2CON                   (abs)        0012
_TRISA                   (abs)        0085
_TRISB                   (abs)        0086
_TRISC                   (abs)        0087
_TRISD                   (abs)        0088
__CFG_BOREN$ON           (abs)        0000
__CFG_BORV$20            (abs)        0000
__CFG_CCP2MX$RC1         (abs)        0000
__CFG_CP$OFF             (abs)        0000
__CFG_FCMEN$ON           (abs)        0000
__CFG_FOSC$EXTRCCLK      (abs)        0000
__CFG_IESO$ON            (abs)        0000
__CFG_MCLRE$ON           (abs)        0000
__CFG_PWRTE$OFF          (abs)        0000
__CFG_WDTE$ON            (abs)        0000
__Habs1                  abs1         0000
__Hbank0                 bank0        0000
__Hbank1                 bank1        0000
__Hbank2                 bank2        0000
__Hbank3                 bank3        0000
__HbssBANK0              bssBANK0     0000
__Hcinit                 cinit        0800
__Hclrtext               clrtext      0000
__Hcode                  code         0000
__Hcommon                common       0000
__Hconfig                config       2009
__HcstackBANK0           cstackBANK0  0000
__HcstackCOMMON          cstackCOMMON 0000
__Heeprom_data           eeprom_data  0000
__Hend_init              end_init     0003
__Hfunctab               functab      0000
__Hidloc                 idloc        0000
__Hinit                  init         0000
__Hintentry              intentry     0000
__Hmaintext              maintext     0000
__Hpowerup               powerup      0000
__Hram                   ram          0000
__Hreset_vec             reset_vec    0000
__Hsfr0                  sfr0         0000
__Hsfr1                  sfr1         0000
__Hsfr2                  sfr2         0000
__Hsfr3                  sfr3         0000
__Hspace_0               (abs)        2009
__Hspace_1               (abs)        007E
__Hspace_2               (abs)        0000
__Hspace_3               (abs)        0000
__Hstack                 stack        0000
__Hstrings               strings      0000
__Htext                  text         0000
__Labs1                  abs1         0000
__Lbank0                 bank0        0000
__Lbank1                 bank1        0000
__Lbank2                 bank2        0000
__Lbank3                 bank3        0000
__LbssBANK0              bssBANK0     0000
__Lcinit                 cinit        07FA
__Lclrtext               clrtext      0000
__Lcode                  code         0000
__Lcommon                common       0000
__Lconfig                config       2007
__LcstackBANK0           cstackBANK0  0000
__LcstackCOMMON          cstackCOMMON 0000
__Leeprom_data           eeprom_data  0000
__Lend_init              end_init     0000
__Lfunctab               functab      0000
__Lidloc                 idloc        0000
__Linit                  init         0000
__Lintentry              intentry     0000
__Lmaintext              maintext     0000
__Lpowerup               powerup      0000
__Lram                   ram          0000
__Lreset_vec             reset_vec    0000
__Lsfr0                  sfr0         0000
__Lsfr1                  sfr1         0000
__Lsfr2                  sfr2         0000
__Lsfr3                  sfr3         0000
__Lspace_0               (abs)        0000
__Lspace_1               (abs)        0000
__Lspace_2               (abs)        0000
__Lspace_3               (abs)        0000
__Lstack                 stack        0000
__Lstrings               strings      0000
__Ltext                  text         0000
__S0                     (abs)        2009
__S1                     (abs)        007E
__S2                     (abs)        0000
___int_sp                stack        0000
___latbits               (abs)        0002
___sp                    stack        0000
__end_of__initialization cinit        07FC
__end_of__stringtab      strings      0009
__end_of_alphamode       text7        05CE
__end_of_betamode        text2        0653
__end_of_bm_run          text23       0334
__end_of_clockwise       text13       04D1
__end_of_deg_0           text12       0391
__end_of_deg_150         text6        03CC
__end_of_deg_180         text11       03AE
__end_of_deg_210         text5        03EA
__end_of_deg_270         text10       04F6
__end_of_deg_30          text4        0408
__end_of_deg_330         text3        0426
__end_of_deg_90          text9        051B
__end_of_delay           text21       0468
__end_of_lcd_clr         text19       031F
__end_of_lcd_goto        text18       0374
__end_of_lm_run          text22       0349
__end_of_m_stop          text8        030D
__end_of_main            maintext     06EC
__end_of_mode_display    text15       054A
__end_of_rm_run          text14       035E
__end_of_send_char       text17       04AE
__end_of_send_config     text20       048B
__end_of_send_string     text16       0445
__end_of_shift_display   text1        07FA
__initialization         cinit        07FA
__pbssBANK0              bssBANK0     0020
__pcstackBANK0           cstackBANK0  0022
__pcstackCOMMON          cstackCOMMON 0070
__pmaintext              maintext     0653
__pstrings               strings      0003
__ptext1                 text1        06EC
__ptext10                text10       04D1
__ptext11                text11       0391
__ptext12                text12       0374
__ptext13                text13       04AE
__ptext14                text14       0349
__ptext15                text15       051B
__ptext16                text16       0426
__ptext17                text17       048B
__ptext18                text18       035E
__ptext19                text19       030D
__ptext2                 text2        05CE
__ptext20                text20       0468
__ptext21                text21       0445
__ptext22                text22       0334
__ptext23                text23       031F
__ptext3                 text3        0408
__ptext4                 text4        03EA
__ptext5                 text5        03CC
__ptext6                 text6        03AE
__ptext7                 text7        054A
__ptext8                 text8        02FC
__ptext9                 text9        04F6
__size_of_alphamode      (abs)        0000
__size_of_betamode       (abs)        0000
__size_of_bm_run         (abs)        0000
__size_of_clockwise      (abs)        0000
__size_of_deg_0          (abs)        0000
__size_of_deg_150        (abs)        0000
__size_of_deg_180        (abs)        0000
__size_of_deg_210        (abs)        0000
__size_of_deg_270        (abs)        0000
__size_of_deg_30         (abs)        0000
__size_of_deg_330        (abs)        0000
__size_of_deg_90         (abs)        0000
__size_of_delay          (abs)        0000
__size_of_lcd_clr        (abs)        0000
__size_of_lcd_goto       (abs)        0000
__size_of_lm_run         (abs)        0000
__size_of_m_stop         (abs)        0000
__size_of_main           (abs)        0000
__size_of_mode_display   (abs)        0000
__size_of_rm_run         (abs)        0000
__size_of_send_char      (abs)        0000
__size_of_send_config    (abs)        0000
__size_of_send_string    (abs)        0000
__size_of_shift_display  (abs)        0000
__stringbase             strings      0008
__stringtab              strings      0003
_alphamode               text7        054A
_betamode                text2        05CE
_bm_run                  text23       031F
_clockwise               text13       04AE
_deg_0                   text12       0374
_deg_150                 text6        03AE
_deg_180                 text11       0391
_deg_210                 text5        03CC
_deg_270                 text10       04D1
_deg_30                  text4        03EA
_deg_330                 text3        0408
_deg_90                  text9        04F6
_delay                   text21       0445
_i                       bssBANK0     0020
_lcd_clr                 text19       030D
_lcd_goto                text18       035E
_lm_run                  text22       0334
_m_stop                  text8        02FC
_main                    maintext     0653
_mode_display            text15       051B
_rm_run                  text14       0349
_send_char               text17       048B
_send_config             text20       0468
_send_string             text16       0426
_shift                   bssBANK0     0021
_shift_display           text1        06EC
bm_run@dir               cstackCOMMON 0070
btemp                    (abs)        007E
delay@data               cstackCOMMON 0070
end_of_initialization    cinit        07FC
intlevel0                functab      0000
intlevel1                functab      0000
intlevel2                functab      0000
intlevel3                functab      0000
intlevel4                functab      0000
intlevel5                functab      0000
lcd_goto@data            cstackCOMMON 007A
lm_run@dir               cstackCOMMON 0070
ltemp                    (abs)        007E
ltemp0                   (abs)        007E
ltemp1                   (abs)        0082
ltemp2                   (abs)        0086
ltemp3                   (abs)        0080
mode_display@x           cstackCOMMON 007C
mode_display@y           cstackCOMMON 007B
reset_vec                reset_vec    0000
rm_run@dir               cstackCOMMON 0070
send_char@data           cstackCOMMON 0078
send_config@data         cstackCOMMON 0078
send_string@s            cstackCOMMON 007A
stackhi                  (abs)        0000
stacklo                  (abs)        0000
start                    init         0000
start_initialization     cinit        07FA
ttemp                    (abs)        007E
ttemp0                   (abs)        007E
ttemp1                   (abs)        0081
ttemp2                   (abs)        0084
ttemp3                   (abs)        0087
ttemp4                   (abs)        007F
wtemp                    (abs)        007E
wtemp0                   (abs)        007E
wtemp1                   (abs)        0080
wtemp2                   (abs)        0082
wtemp3                   (abs)        0084
wtemp4                   (abs)        0086
wtemp5                   (abs)        0088
wtemp6                   (abs)        007F


FUNCTION INFORMATION:

 *************** function _main *****************
 Defined at:
		line 93 in file "../../Source file/PR19.c"
 Parameters:    Size  Location     Type
		None
 Auto vars:     Size  Location     Type
		None
 Return value:  Size  Location     Type
		None               void
 Registers used:
		wreg, fsr0l, fsr0h, status,2, status,0, pclath, cstack
 Tracked objects:
		On entry : 
		On exit  : 
		Unchanged: 
 Data sizes:     COMMON   BANK0   BANK1   BANK3   BANK2
      Params:         0       0       0       0       0
      Locals:         0       0       0       0       0
      Temps:          0       1       0       0       0
      Totals:         0       1       0       0       0
Total ram usage:        1 bytes
 Hardware stack levels required when called:    6
 This function calls:
		_alphamode
		_betamode
		_delay
		_send_config
		_shift_display
 This function is called by:
		Startup code after reset
 This function uses a non-reentrant model


 *************** function _shift_display *****************
 Defined at:
		line 433 in file "../../Source file/PR19.c"
 Parameters:    Size  Location     Type
		None
 Auto vars:     Size  Location     Type
		None
 Return value:  Size  Location     Type
		None               void
 Registers used:
		wreg, fsr0l, fsr0h, status,2, status,0, pclath, cstack
 Tracked objects:
		On entry : 
		On exit  : 
		Unchanged: 
 Data sizes:     COMMON   BANK0   BANK1   BANK3   BANK2
      Params:         0       0       0       0       0
      Locals:         0       0       0       0       0
      Temps:          1       0       0       0       0
      Totals:         1       0       0       0       0
Total ram usage:        1 bytes
 Hardware stack levels used:    1
 Hardware stack levels required when called:    3
 This function calls:
		_delay
		_lcd_clr
		_lcd_goto
		_send_config
		_send_string
 This function is called by:
		_main
 This function uses a non-reentrant model


 *************** function _betamode *****************
 Defined at:
		line 182 in file "../../Source file/PR19.c"
 Parameters:    Size  Location     Type
		None
 Auto vars:     Size  Location     Type
		None
 Return value:  Size  Location     Type
		None               void
 Registers used:
		wreg, fsr0l, fsr0h, status,2, status,0, pclath, cstack
 Tracked objects:
		On entry : 
		On exit  : 
		Unchanged: 
 Data sizes:     COMMON   BANK0   BANK1   BANK3   BANK2
      Params:         0       0       0       0       0
      Locals:         0       0       0       0       0
      Temps:          0       0       0       0       0
      Totals:         0       0       0       0       0
Total ram usage:        0 bytes
 Hardware stack levels used:    1
 Hardware stack levels required when called:    5
 This function calls:
		_deg_0
		_deg_150
		_deg_180
		_deg_210
		_deg_30
		_deg_330
		_delay
		_m_stop
 This function is called by:
		_main
 This function uses a non-reentrant model


 *************** function _deg_330 *****************
 Defined at:
		line 349 in file "../../Source file/PR19.c"
 Parameters:    Size  Location     Type
		None
 Auto vars:     Size  Location     Type
		None
 Return value:  Size  Location     Type
		None               void
 Registers used:
		wreg, fsr0l, fsr0h, status,2, status,0, pclath, cstack
 Tracked objects:
		On entry : 
		On exit  : 
		Unchanged: 
 Data sizes:     COMMON   BANK0   BANK1   BANK3   BANK2
      Params:         0       0       0       0       0
      Locals:         0       0       0       0       0
      Temps:          1       0       0       0       0
      Totals:         1       0       0       0       0
Total ram usage:        1 bytes
 Hardware stack levels used:    1
 Hardware stack levels required when called:    4
 This function calls:
		_bm_run
		_mode_display
		_rm_run
 This function is called by:
		_betamode
 This function uses a non-reentrant model


 *************** function _deg_30 *****************
 Defined at:
		line 244 in file "../../Source file/PR19.c"
 Parameters:    Size  Location     Type
		None
 Auto vars:     Size  Location     Type
		None
 Return value:  Size  Location     Type
		None               void
 Registers used:
		wreg, fsr0l, fsr0h, status,2, status,0, pclath, cstack
 Tracked objects:
		On entry : 
		On exit  : 
		Unchanged: 
 Data sizes:     COMMON   BANK0   BANK1   BANK3   BANK2
      Params:         0       0       0       0       0
      Locals:         0       0       0       0       0
      Temps:          1       0       0       0       0
      Totals:         1       0       0       0       0
Total ram usage:        1 bytes
 Hardware stack levels used:    1
 Hardware stack levels required when called:    4
 This function calls:
		_bm_run
		_lm_run
		_mode_display
 This function is called by:
		_betamode
 This function uses a non-reentrant model


 *************** function _deg_210 *****************
 Defined at:
		line 306 in file "../../Source file/PR19.c"
 Parameters:    Size  Location     Type
		None
 Auto vars:     Size  Location     Type
		None
 Return value:  Size  Location     Type
		None               void
 Registers used:
		wreg, fsr0l, fsr0h, status,2, status,0, pclath, cstack
 Tracked objects:
		On entry : 
		On exit  : 
		Unchanged: 
 Data sizes:     COMMON   BANK0   BANK1   BANK3   BANK2
      Params:         0       0       0       0       0
      Locals:         0       0       0       0       0
      Temps:          1       0       0       0       0
      Totals:         1       0       0       0       0
Total ram usage:        1 bytes
 Hardware stack levels used:    1
 Hardware stack levels required when called:    4
 This function calls:
		_bm_run
		_lm_run
		_mode_display
 This function is called by:
		_betamode
 This function uses a non-reentrant model


 *************** function _deg_150 *****************
 Defined at:
		line 287 in file "../../Source file/PR19.c"
 Parameters:    Size  Location     Type
		None
 Auto vars:     Size  Location     Type
		None
 Return value:  Size  Location     Type
		None               void
 Registers used:
		wreg, fsr0l, fsr0h, status,2, status,0, pclath, cstack
 Tracked objects:
		On entry : 
		On exit  : 
		Unchanged: 
 Data sizes:     COMMON   BANK0   BANK1   BANK3   BANK2
      Params:         0       0       0       0       0
      Locals:         0       0       0       0       0
      Temps:          1       0       0       0       0
      Totals:         1       0       0       0       0
Total ram usage:        1 bytes
 Hardware stack levels used:    1
 Hardware stack levels required when called:    4
 This function calls:
		_bm_run
		_mode_display
		_rm_run
 This function is called by:
		_betamode
 This function uses a non-reentrant model


 *************** function _alphamode *****************
 Defined at:
		line 160 in file "../../Source file/PR19.c"
 Parameters:    Size  Location     Type
		None
 Auto vars:     Size  Location     Type
		None
 Return value:  Size  Location     Type
		None               void
 Registers used:
		wreg, fsr0l, fsr0h, status,2, status,0, pclath, cstack
 Tracked objects:
		On entry : 
		On exit  : 
		Unchanged: 
 Data sizes:     COMMON   BANK0   BANK1   BANK3   BANK2
      Params:         0       0       0       0       0
      Locals:         0       0       0       0       0
      Temps:          0       0       0       0       0
      Totals:         0       0       0       0       0
Total ram usage:        0 bytes
 Hardware stack levels used:    1
 Hardware stack levels required when called:    5
 This function calls:
		_clockwise
		_deg_0
		_deg_180
		_deg_270
		_deg_90
		_delay
		_m_stop
 This function is called by:
		_main
 This function uses a non-reentrant model


 *************** function _m_stop *****************
 Defined at:
		line 205 in file "../../Source file/PR19.c"
 Parameters:    Size  Location     Type
		None
 Auto vars:     Size  Location     Type
		None
 Return value:  Size  Location     Type
		None               void
 Registers used:
		wreg, fsr0l, fsr0h, status,2, status,0, pclath, cstack
 Tracked objects:
		On entry : 
		On exit  : 
		Unchanged: 
 Data sizes:     COMMON   BANK0   BANK1   BANK3   BANK2
      Params:         0       0       0       0       0
      Locals:         0       0       0       0       0
      Temps:          1       0       0       0       0
      Totals:         1       0       0       0       0
Total ram usage:        1 bytes
 Hardware stack levels used:    1
 Hardware stack levels required when called:    4
 This function calls:
		_mode_display
 This function is called by:
		_alphamode
		_betamode
 This function uses a non-reentrant model


 *************** function _deg_90 *****************
 Defined at:
		line 265 in file "../../Source file/PR19.c"
 Parameters:    Size  Location     Type
		None
 Auto vars:     Size  Location     Type
		None
 Return value:  Size  Location     Type
		None               void
 Registers used:
		wreg, fsr0l, fsr0h, status,2, status,0, pclath, cstack
 Tracked objects:
		On entry : 
		On exit  : 
		Unchanged: 
 Data sizes:     COMMON   BANK0   BANK1   BANK3   BANK2
      Params:         0       0       0       0       0
      Locals:         0       0       0       0       0
      Temps:          1       0       0       0       0
      Totals:         1       0       0       0       0
Total ram usage:        1 bytes
 Hardware stack levels used:    1
 Hardware stack levels required when called:    4
 This function calls:
		_bm_run
		_lm_run
		_mode_display
		_rm_run
 This function is called by:
		_alphamode
 This function uses a non-reentrant model


 *************** function _deg_270 *****************
 Defined at:
		line 327 in file "../../Source file/PR19.c"
 Parameters:    Size  Location     Type
		None
 Auto vars:     Size  Location     Type
		None
 Return value:  Size  Location     Type
		None               void
 Registers used:
		wreg, fsr0l, fsr0h, status,2, status,0, pclath, cstack
 Tracked objects:
		On entry : 
		On exit  : 
		Unchanged: 
 Data sizes:     COMMON   BANK0   BANK1   BANK3   BANK2
      Params:         0       0       0       0       0
      Locals:         0       0       0       0       0
      Temps:          1       0       0       0       0
      Totals:         1       0       0       0       0
Total ram usage:        1 bytes
 Hardware stack levels used:    1
 Hardware stack levels required when called:    4
 This function calls:
		_bm_run
		_lm_run
		_mode_display
		_rm_run
 This function is called by:
		_alphamode
 This function uses a non-reentrant model


 *************** function _deg_180 *****************
 Defined at:
		line 297 in file "../../Source file/PR19.c"
 Parameters:    Size  Location     Type
		None
 Auto vars:     Size  Location     Type
		None
 Return value:  Size  Location     Type
		None               void
 Registers used:
		wreg, fsr0l, fsr0h, status,2, status,0, pclath, cstack
 Tracked objects:
		On entry : 
		On exit  : 
		Unchanged: 
 Data sizes:     COMMON   BANK0   BANK1   BANK3   BANK2
      Params:         0       0       0       0       0
      Locals:         0       0       0       0       0
      Temps:          1       0       0       0       0
      Totals:         1       0       0       0       0
Total ram usage:        1 bytes
 Hardware stack levels used:    1
 Hardware stack levels required when called:    4
 This function calls:
		_lm_run
		_mode_display
		_rm_run
 This function is called by:
		_alphamode
		_betamode
 This function uses a non-reentrant model


 *************** function _deg_0 *****************
 Defined at:
		line 235 in file "../../Source file/PR19.c"
 Parameters:    Size  Location     Type
		None
 Auto vars:     Size  Location     Type
		None
 Return value:  Size  Location     Type
		None               void
 Registers used:
		wreg, fsr0l, fsr0h, status,2, status,0, pclath, cstack
 Tracked objects:
		On entry : 
		On exit  : 
		Unchanged: 
 Data sizes:     COMMON   BANK0   BANK1   BANK3   BANK2
      Params:         0       0       0       0       0
      Locals:         0       0       0       0       0
      Temps:          1       0       0       0       0
      Totals:         1       0       0       0       0
Total ram usage:        1 bytes
 Hardware stack levels used:    1
 Hardware stack levels required when called:    4
 This function calls:
		_lm_run
		_mode_display
		_rm_run
 This function is called by:
		_alphamode
		_betamode
 This function uses a non-reentrant model


 *************** function _clockwise *****************
 Defined at:
		line 359 in file "../../Source file/PR19.c"
 Parameters:    Size  Location     Type
		None
 Auto vars:     Size  Location     Type
		None
 Return value:  Size  Location     Type
		None               void
 Registers used:
		wreg, fsr0l, fsr0h, status,2, status,0, pclath, cstack
 Tracked objects:
		On entry : 
		On exit  : 
		Unchanged: 
 Data sizes:     COMMON   BANK0   BANK1   BANK3   BANK2
      Params:         0       0       0       0       0
      Locals:         0       0       0       0       0
      Temps:          1       0       0       0       0
      Totals:         1       0       0       0       0
Total ram usage:        1 bytes
 Hardware stack levels used:    1
 Hardware stack levels required when called:    4
 This function calls:
		_bm_run
		_lm_run
		_mode_display
		_rm_run
 This function is called by:
		_alphamode
 This function uses a non-reentrant model


 *************** function _rm_run *****************
 Defined at:
		line 222 in file "../../Source file/PR19.c"
 Parameters:    Size  Location     Type
  dir             1    wreg     unsigned char 
 Auto vars:     Size  Location     Type
  dir             1    0[COMMON] unsigned char 
 Return value:  Size  Location     Type
		None               void
 Registers used:
		wreg, status,2, status,0
 Tracked objects:
		On entry : 
		On exit  : 
		Unchanged: 
 Data sizes:     COMMON   BANK0   BANK1   BANK3   BANK2
      Params:         0       0       0       0       0
      Locals:         1       0       0       0       0
      Temps:          0       0       0       0       0
      Totals:         1       0       0       0       0
Total ram usage:        1 bytes
 Hardware stack levels used:    1
 This function calls:
		Nothing
 This function is called by:
		_deg_0
		_deg_90
		_deg_150
		_deg_180
		_deg_270
		_deg_330
		_clockwise
		_deg_60
		_deg_120
		_deg_240
		_deg_300
		_anticlockwise
 This function uses a non-reentrant model


 *************** function _mode_display *****************
 Defined at:
		line 490 in file "../../Source file/PR19.c"
 Parameters:    Size  Location     Type
  x               1    wreg     PTR const unsigned char 
		 -> STR_29(14), STR_27(10), STR_25(4), STR_23(4), 
		 -> STR_21(4), STR_19(4), STR_17(4), STR_15(4), 
		 -> STR_13(4), STR_11(4), STR_9(3), STR_7(3), 
		 -> STR_5(3), STR_3(2), STR_1(9), 
  y               1   11[COMMON] PTR const unsigned char 
		 -> STR_30(1), STR_28(1), STR_26(7), STR_24(7), 
		 -> STR_22(7), STR_20(7), STR_18(7), STR_16(7), 
		 -> STR_14(7), STR_12(7), STR_10(7), STR_8(7), 
		 -> STR_6(7), STR_4(7), STR_2(5), 
 Auto vars:     Size  Location     Type
  x               1   12[COMMON] PTR const unsigned char 
		 -> STR_29(14), STR_27(10), STR_25(4), STR_23(4), 
		 -> STR_21(4), STR_19(4), STR_17(4), STR_15(4), 
		 -> STR_13(4), STR_11(4), STR_9(3), STR_7(3), 
		 -> STR_5(3), STR_3(2), STR_1(9), 
 Return value:  Size  Location     Type
		None               void
 Registers used:
		wreg, fsr0l, fsr0h, status,2, status,0, pclath, cstack
 Tracked objects:
		On entry : 
		On exit  : 
		Unchanged: 
 Data sizes:     COMMON   BANK0   BANK1   BANK3   BANK2
      Params:         1       0       0       0       0
      Locals:         1       0       0       0       0
      Temps:          0       0       0       0       0
      Totals:         2       0       0       0       0
Total ram usage:        2 bytes
 Hardware stack levels used:    1
 Hardware stack levels required when called:    3
 This function calls:
		_delay
		_lcd_clr
		_lcd_goto
		_send_string
 This function is called by:
		_m_stop
		_deg_0
		_deg_30
		_deg_90
		_deg_150
		_deg_180
		_deg_210
		_deg_270
		_deg_330
		_clockwise
		_deg_60
		_deg_120
		_deg_240
		_deg_300
		_anticlockwise
 This function uses a non-reentrant model


 *************** function _send_string *****************
 Defined at:
		line 426 in file "../../Source file/PR19.c"
 Parameters:    Size  Location     Type
  s               1    wreg     PTR const unsigned char 
		 -> STR_36(11), STR_35(16), STR_34(12), STR_33(16), 
		 -> STR_32(9), STR_31(7), STR_30(1), STR_29(14), 
		 -> STR_28(1), STR_27(10), STR_26(7), STR_25(4), 
		 -> STR_24(7), STR_23(4), STR_22(7), STR_21(4), 
		 -> STR_20(7), STR_19(4), STR_18(7), STR_17(4), 
		 -> STR_16(7), STR_15(4), STR_14(7), STR_13(4), 
		 -> STR_12(7), STR_11(4), STR_10(7), STR_9(3), 
		 -> STR_8(7), STR_7(3), STR_6(7), STR_5(3), 
		 -> STR_4(7), STR_3(2), STR_2(5), STR_1(9), 
 Auto vars:     Size  Location     Type
  s               1   10[COMMON] PTR const unsigned char 
		 -> STR_36(11), STR_35(16), STR_34(12), STR_33(16), 
		 -> STR_32(9), STR_31(7), STR_30(1), STR_29(14), 
		 -> STR_28(1), STR_27(10), STR_26(7), STR_25(4), 
		 -> STR_24(7), STR_23(4), STR_22(7), STR_21(4), 
		 -> STR_20(7), STR_19(4), STR_18(7), STR_17(4), 
		 -> STR_16(7), STR_15(4), STR_14(7), STR_13(4), 
		 -> STR_12(7), STR_11(4), STR_10(7), STR_9(3), 
		 -> STR_8(7), STR_7(3), STR_6(7), STR_5(3), 
		 -> STR_4(7), STR_3(2), STR_2(5), STR_1(9), 
 Return value:  Size  Location     Type
		None               void
 Registers used:
		wreg, fsr0l, fsr0h, status,2, status,0, pclath, cstack
 Tracked objects:
		On entry : 
		On exit  : 
		Unchanged: 
 Data sizes:     COMMON   BANK0   BANK1   BANK3   BANK2
      Params:         0       0       0       0       0
      Locals:         1       0       0       0       0
      Temps:          1       0       0       0       0
      Totals:         2       0       0       0       0
Total ram usage:        2 bytes
 Hardware stack levels used:    1
 Hardware stack levels required when called:    2
 This function calls:
		_send_char
 This function is called by:
		_shift_display
		_mode_display
 This function uses a non-reentrant model


 *************** function _send_char *****************
 Defined at:
		line 396 in file "../../Source file/PR19.c"
 Parameters:    Size  Location     Type
  data            1    wreg     unsigned char 
 Auto vars:     Size  Location     Type
  data            1    8[COMMON] unsigned char 
 Return value:  Size  Location     Type
		None               void
 Registers used:
		wreg, status,2, status,0, pclath, cstack
 Tracked objects:
		On entry : 
		On exit  : 
		Unchanged: 
 Data sizes:     COMMON   BANK0   BANK1   BANK3   BANK2
      Params:         0       0       0       0       0
      Locals:         1       0       0       0       0
      Temps:          0       0       0       0       0
      Totals:         1       0       0       0       0
Total ram usage:        1 bytes
 Hardware stack levels used:    1
 Hardware stack levels required when called:    1
 This function calls:
		_delay
 This function is called by:
		_send_string
 This function uses a non-reentrant model


 *************** function _lcd_goto *****************
 Defined at:
		line 407 in file "../../Source file/PR19.c"
 Parameters:    Size  Location     Type
  data            1    wreg     unsigned char 
 Auto vars:     Size  Location     Type
  data            1   10[COMMON] unsigned char 
 Return value:  Size  Location     Type
		None               void
 Registers used:
		wreg, status,2, status,0, pclath, cstack
 Tracked objects:
		On entry : 
		On exit  : 
		Unchanged: 
 Data sizes:     COMMON   BANK0   BANK1   BANK3   BANK2
      Params:         0       0       0       0       0
      Locals:         1       0       0       0       0
      Temps:          1       0       0       0       0
      Totals:         2       0       0       0       0
Total ram usage:        2 bytes
 Hardware stack levels used:    1
 Hardware stack levels required when called:    2
 This function calls:
		_send_config
 This function is called by:
		_shift_display
		_mode_display
 This function uses a non-reentrant model


 *************** function _lcd_clr *****************
 Defined at:
		line 420 in file "../../Source file/PR19.c"
 Parameters:    Size  Location     Type
		None
 Auto vars:     Size  Location     Type
		None
 Return value:  Size  Location     Type
		None               void
 Registers used:
		wreg, status,2, status,0, pclath, cstack
 Tracked objects:
		On entry : 
		On exit  : 
		Unchanged: 
 Data sizes:     COMMON   BANK0   BANK1   BANK3   BANK2
      Params:         0       0       0       0       0
      Locals:         0       0       0       0       0
      Temps:          0       0       0       0       0
      Totals:         0       0       0       0       0
Total ram usage:        0 bytes
 Hardware stack levels used:    1
 Hardware stack levels required when called:    2
 This function calls:
		_delay
		_send_config
 This function is called by:
		_shift_display
		_mode_display
 This function uses a non-reentrant model


 *************** function _send_config *****************
 Defined at:
		line 386 in file "../../Source file/PR19.c"
 Parameters:    Size  Location     Type
  data            1    wreg     unsigned char 
 Auto vars:     Size  Location     Type
  data            1    8[COMMON] unsigned char 
 Return value:  Size  Location     Type
		None               void
 Registers used:
		wreg, status,2, status,0, pclath, cstack
 Tracked objects:
		On entry : 
		On exit  : 
		Unchanged: 
 Data sizes:     COMMON   BANK0   BANK1   BANK3   BANK2
      Params:         0       0       0       0       0
      Locals:         1       0       0       0       0
      Temps:          0       0       0       0       0
      Totals:         1       0       0       0       0
Total ram usage:        1 bytes
 Hardware stack levels used:    1
 Hardware stack levels required when called:    1
 This function calls:
		_delay
 This function is called by:
		_main
		_lcd_goto
		_lcd_clr
		_shift_display
 This function uses a non-reentrant model


 *************** function _delay *****************
 Defined at:
		line 379 in file "../../Source file/PR19.c"
 Parameters:    Size  Location     Type
  data            4    0[COMMON] unsigned long 
 Auto vars:     Size  Location     Type
		None
 Return value:  Size  Location     Type
		None               void
 Registers used:
		wreg
 Tracked objects:
		On entry : 
		On exit  : 
		Unchanged: 
 Data sizes:     COMMON   BANK0   BANK1   BANK3   BANK2
      Params:         4       0       0       0       0
      Locals:         0       0       0       0       0
      Temps:          4       0       0       0       0
      Totals:         8       0       0       0       0
Total ram usage:        8 bytes
 Hardware stack levels used:    1
 This function calls:
		Nothing
 This function is called by:
		_main
		_alphamode
		_betamode
		_send_config
		_send_char
		_lcd_clr
		_shift_display
		_mode_display
 This function uses a non-reentrant model


 *************** function _lm_run *****************
 Defined at:
		line 216 in file "../../Source file/PR19.c"
 Parameters:    Size  Location     Type
  dir             1    wreg     unsigned char 
 Auto vars:     Size  Location     Type
  dir             1    0[COMMON] unsigned char 
 Return value:  Size  Location     Type
		None               void
 Registers used:
		wreg, status,2, status,0
 Tracked objects:
		On entry : 
		On exit  : 
		Unchanged: 
 Data sizes:     COMMON   BANK0   BANK1   BANK3   BANK2
      Params:         0       0       0       0       0
      Locals:         1       0       0       0       0
      Temps:          0       0       0       0       0
      Totals:         1       0       0       0       0
Total ram usage:        1 bytes
 Hardware stack levels used:    1
 This function calls:
		Nothing
 This function is called by:
		_deg_0
		_deg_30
		_deg_90
		_deg_180
		_deg_210
		_deg_270
		_clockwise
		_deg_60
		_deg_120
		_deg_240
		_deg_300
		_anticlockwise
 This function uses a non-reentrant model


 *************** function _bm_run *****************
 Defined at:
		line 228 in file "../../Source file/PR19.c"
 Parameters:    Size  Location     Type
  dir             1    wreg     unsigned char 
 Auto vars:     Size  Location     Type
  dir             1    0[COMMON] unsigned char 
 Return value:  Size  Location     Type
		None               void
 Registers used:
		wreg, status,2, status,0
 Tracked objects:
		On entry : 
		On exit  : 
		Unchanged: 
 Data sizes:     COMMON   BANK0   BANK1   BANK3   BANK2
      Params:         0       0       0       0       0
      Locals:         1       0       0       0       0
      Temps:          0       0       0       0       0
      Totals:         1       0       0       0       0
Total ram usage:        1 bytes
 Hardware stack levels used:    1
 This function calls:
		Nothing
 This function is called by:
		_deg_30
		_deg_90
		_deg_150
		_deg_210
		_deg_270
		_deg_330
		_clockwise
		_deg_60
		_deg_120
		_deg_240
		_deg_300
		_anticlockwise
 This function uses a non-reentrant model



MODULE INFORMATION

Module		Function		Class		Link	Load	Size
shared
		__stringtab    		STRING         	0003	0000	7
		__initializatio		CODE           	07FA	0000	3

shared estimated size: 10

../../Source file/PR19.c
		_delay         		CODE           	0445	0000	36
		_deg_0         		CODE           	0374	0000	30
		_deg_30        		CODE           	03EA	0000	31
		_deg_90        		CODE           	04F6	0000	38
		_deg_330       		CODE           	0408	0000	31
		_main          		CODE           	0653	0000	154
		_bm_run        		CODE           	031F	0000	22
		_clockwise     		CODE           	04AE	0000	36
		_betamode      		CODE           	05CE	0000	134
		_deg_210       		CODE           	03CC	0000	31
		_shift_display 		CODE           	06EC	0000	271
		_lm_run        		CODE           	0334	0000	22
		_lcd_clr       		CODE           	030D	0000	19
		_deg_270       		CODE           	04D1	0000	38
		_rm_run        		CODE           	0349	0000	22
		_lcd_goto      		CODE           	035E	0000	23
		_send_string   		CODE           	0426	0000	32
		_deg_150       		CODE           	03AE	0000	31
		_send_config   		CODE           	0468	0000	36
		_deg_180       		CODE           	0391	0000	30
		_mode_display  		CODE           	051B	0000	48
		_alphamode     		CODE           	054A	0000	133
		_send_char     		CODE           	048B	0000	36
		_m_stop        		CODE           	02FC	0000	18

../../Source file/PR19.c estimated size: 1302

